<html>
<body>
<pre>
<h1>µVision Build Log</h1>
<h2>Project:</h2>
L:\KEIL FILES\OSED\PROJECT\source\COURSE PROJECT\CP.uvproj
Project File Date:  01/18/2024

<h2>Output:</h2>
Rebuild target 'Target 1'
compiling system_LPC17xx.c...
compiling RTX_Conf_CM.c...
assembling startup_LPC17xx.s...
compiling UART_1768.C...
SOURCE\HEADER FILES\UART.H(5): warning:  #1295-D: Deprecated declaration UART0_RecieveChar - give arg types
  char UART0_RecieveChar();
SOURCE\HEADER FILES\UART_1768.C: 1 warning, 0 errors
compiling MAIN.C...
compiling DC.C...
compiling BUZZER.C...
compiling LCD.C...
compiling TIMER.C...
linking...
Program Size: Code=2428 RO-data=280 RW-data=44 ZI-data=2492  
".\CP.axf" - 0 Error(s), 1 Warning(s).
ors
linking...
Program Size: Code=2428 RO-data=280 RW-data=44 ZI-data=2492  
".\CP.axf" - 0 Error(s), 2 Warning(s).
wline
  }
SOURCE\TIMER.C: 1 warning, 1 error
".\CP.axf" - 1 Error(s), 2 Warning(s).
Target not created
 not created
