ARM Linker, 5.03 [Build 76] [MDK-ARM Lite]

==============================================================================

Section Cross References

    system_lpc17xx.o(.text) refers to system_lpc17xx.o(.data) for SystemFrequency
    startup_lpc17xx.o(RESET) refers to startup_lpc17xx.o(STACK) for __initial_sp
    startup_lpc17xx.o(RESET) refers to startup_lpc17xx.o(.text) for Reset_Handler
    startup_lpc17xx.o(RESET) refers to hal_cm3.o(.emb_text) for SVC_Handler
    startup_lpc17xx.o(RESET) refers to main.o(.text) for EINT3_IRQHandler
    startup_lpc17xx.o(.text) refers to entry.o(.ARM.Collect$$$$00000000) for __main
    uart_1768.o(.text) refers to rt_time.o(i.rt_dly_wait) for rt_dly_wait
    main.o(.text) refers to timer.o(.text) for Timer0_Init
    main.o(.text) refers to uart_1768.o(.text) for UART0_Init
    main.o(.text) refers to dc.o(.text) for DC_Init
    main.o(.text) refers to buzzer.o(.text) for BUZZER_init
    main.o(.text) refers to main.o(.data) for x
    main.o(.text) refers to rt_time.o(i.rt_dly_wait) for rt_dly_wait
    dc.o(.text) refers to rt_time.o(i.rt_dly_wait) for rt_dly_wait
    buzzer.o(.text) refers to rt_time.o(i.rt_itv_set) for rt_itv_set
    buzzer.o(.text) refers to rt_time.o(i.rt_itv_wait) for rt_itv_wait
    lcd.o(.text) refers to lcd.o(.data) for temp2
    rt_time.o(i.rt_dly_wait) refers to rt_task.o(i.rt_block) for rt_block
    rt_time.o(i.rt_itv_set) refers to rt_task.o(.data) for os_tsk
    rt_time.o(i.rt_itv_set) refers to rt_time.o(.data) for .data
    rt_time.o(i.rt_itv_wait) refers to rt_task.o(i.rt_block) for rt_block
    rt_time.o(i.rt_itv_wait) refers to rt_task.o(.data) for os_tsk
    rt_time.o(i.rt_itv_wait) refers to rt_time.o(.data) for .data
    rt_time.o(i.rt_time_get) refers to rt_time.o(.data) for .data
    rt_task.o(i.rt_block) refers to rt_list.o(i.rt_put_dly) for rt_put_dly
    rt_task.o(i.rt_block) refers to rt_list.o(i.rt_get_first) for rt_get_first
    rt_task.o(i.rt_block) refers to rt_task.o(i.rt_switch_req) for rt_switch_req
    rt_task.o(i.rt_block) refers to rt_task.o(.data) for .data
    rt_task.o(i.rt_block) refers to rt_list.o(.bss) for os_rdy
    rt_task.o(i.rt_dispatch) refers to rt_list.o(i.rt_put_rdy_first) for rt_put_rdy_first
    rt_task.o(i.rt_dispatch) refers to rt_task.o(i.rt_switch_req) for rt_switch_req
    rt_task.o(i.rt_dispatch) refers to rt_list.o(i.rt_get_first) for rt_get_first
    rt_task.o(i.rt_dispatch) refers to rt_list.o(i.rt_put_prio) for rt_put_prio
    rt_task.o(i.rt_dispatch) refers to rt_task.o(.data) for .data
    rt_task.o(i.rt_dispatch) refers to rt_list.o(.bss) for os_rdy
    rt_task.o(i.rt_init_context) refers to rt_membox.o(i.rt_alloc_box) for rt_alloc_box
    rt_task.o(i.rt_init_context) refers to hal_cm3.o(i.rt_init_stack) for rt_init_stack
    rt_task.o(i.rt_init_context) refers to rtx_conf_cm.o(.bss) for mp_stk
    rt_task.o(i.rt_switch_req) refers to hal_cm3.o(i.dbg_task_switch) for dbg_task_switch
    rt_task.o(i.rt_switch_req) refers to rt_task.o(.data) for .data
    rt_task.o(i.rt_switch_req) refers to hal_cm3.o(.data) for dbg_msg
    rt_task.o(i.rt_sys_init) refers to hal_cm3.o(i.dbg_init) for dbg_init
    rt_task.o(i.rt_sys_init) refers to rt_membox.o(i._init_box) for _init_box
    rt_task.o(i.rt_sys_init) refers to rt_task.o(i.rt_init_context) for rt_init_context
    rt_task.o(i.rt_sys_init) refers to hal_cm3.o(.emb_text) for rt_set_PSP
    rt_task.o(i.rt_sys_init) refers to rt_robin.o(i.rt_init_robin) for rt_init_robin
    rt_task.o(i.rt_sys_init) refers to rt_system.o(i.os_tick_init) for os_tick_init
    rt_task.o(i.rt_sys_init) refers to rt_task.o(i.rt_tsk_create) for rt_tsk_create
    rt_task.o(i.rt_sys_init) refers to rtx_conf_cm.o(.bss) for os_active_TCB
    rt_task.o(i.rt_sys_init) refers to rtx_conf_cm.o(.constdata) for os_maxtaskrun
    rt_task.o(i.rt_sys_init) refers to rtx_conf_cm.o(.data) for m_tmr
    rt_task.o(i.rt_sys_init) refers to rt_task.o(.bss) for .bss
    rt_task.o(i.rt_sys_init) refers to rtx_conf_cm.o(.text) for os_idle_demon
    rt_task.o(i.rt_sys_init) refers to rt_list.o(.bss) for os_rdy
    rt_task.o(i.rt_sys_init) refers to rt_task.o(.data) for .data
    rt_task.o(i.rt_sys_init) refers to rt_system.o(.data) for os_tick_irqn
    rt_task.o(i.rt_tsk_create) refers to rt_membox.o(i.rt_alloc_box) for rt_alloc_box
    rt_task.o(i.rt_tsk_create) refers to rt_task.o(i.rt_init_context) for rt_init_context
    rt_task.o(i.rt_tsk_create) refers to hal_cm3.o(i.dbg_task_notify) for dbg_task_notify
    rt_task.o(i.rt_tsk_create) refers to rt_task.o(i.rt_dispatch) for rt_dispatch
    rt_task.o(i.rt_tsk_create) refers to rtx_conf_cm.o(.bss) for mp_tcb
    rt_task.o(i.rt_tsk_create) refers to rtx_conf_cm.o(.constdata) for os_maxtaskrun
    rt_task.o(i.rt_tsk_create) refers to hal_cm3.o(.data) for dbg_msg
    rt_task.o(i.rt_tsk_create) refers to rt_task.o(.data) for .data
    rt_task.o(i.rt_tsk_delete) refers to hal_cm3.o(.emb_text) for rt_get_PSP
    rt_task.o(i.rt_tsk_delete) refers to rt_system.o(i.rt_stk_check) for rt_stk_check
    rt_task.o(i.rt_tsk_delete) refers to rt_list.o(i.rt_get_first) for rt_get_first
    rt_task.o(i.rt_tsk_delete) refers to rt_list.o(i.rt_rmv_dly) for rt_rmv_dly
    rt_task.o(i.rt_tsk_delete) refers to rt_list.o(i.rt_put_prio) for rt_put_prio
    rt_task.o(i.rt_tsk_delete) refers to rt_membox.o(i.rt_free_box) for rt_free_box
    rt_task.o(i.rt_tsk_delete) refers to hal_cm3.o(i.dbg_task_notify) for dbg_task_notify
    rt_task.o(i.rt_tsk_delete) refers to rt_list.o(i.rt_rmv_list) for rt_rmv_list
    rt_task.o(i.rt_tsk_delete) refers to rt_task.o(i.rt_dispatch) for rt_dispatch
    rt_task.o(i.rt_tsk_delete) refers to hal_cm3.o(.data) for dbg_msg
    rt_task.o(i.rt_tsk_delete) refers to rtx_conf_cm.o(.bss) for os_active_TCB
    rt_task.o(i.rt_tsk_delete) refers to rt_task.o(.data) for .data
    rt_task.o(i.rt_tsk_delete) refers to rt_list.o(.bss) for os_rdy
    rt_task.o(i.rt_tsk_delete) refers to rtx_conf_cm.o(.constdata) for os_maxtaskrun
    rt_task.o(i.rt_tsk_pass) refers to rt_list.o(i.rt_get_same_rdy_prio) for rt_get_same_rdy_prio
    rt_task.o(i.rt_tsk_pass) refers to rt_list.o(i.rt_put_prio) for rt_put_prio
    rt_task.o(i.rt_tsk_pass) refers to rt_task.o(i.rt_switch_req) for rt_switch_req
    rt_task.o(i.rt_tsk_pass) refers to rt_task.o(.data) for .data
    rt_task.o(i.rt_tsk_pass) refers to rt_list.o(.bss) for os_rdy
    rt_task.o(i.rt_tsk_prio) refers to rt_list.o(i.rt_put_prio) for rt_put_prio
    rt_task.o(i.rt_tsk_prio) refers to rt_list.o(i.rt_resort_prio) for rt_resort_prio
    rt_task.o(i.rt_tsk_prio) refers to rt_list.o(i.rt_get_first) for rt_get_first
    rt_task.o(i.rt_tsk_prio) refers to rt_task.o(i.rt_dispatch) for rt_dispatch
    rt_task.o(i.rt_tsk_prio) refers to rt_task.o(.data) for .data
    rt_task.o(i.rt_tsk_prio) refers to rtx_conf_cm.o(.constdata) for os_maxtaskrun
    rt_task.o(i.rt_tsk_prio) refers to rtx_conf_cm.o(.bss) for os_active_TCB
    rt_task.o(i.rt_tsk_prio) refers to rt_list.o(.bss) for os_rdy
    rt_task.o(i.rt_tsk_self) refers to rt_task.o(.data) for .data
    rt_system.o(i.os_tick_init) refers to rtx_conf_cm.o(.constdata) for os_trv
    rt_system.o(i.rt_pop_req) refers to rt_list.o(i.rt_put_rdy_first) for rt_put_rdy_first
    rt_system.o(i.rt_pop_req) refers to rt_semaphore.o(i.rt_sem_psh) for rt_sem_psh
    rt_system.o(i.rt_pop_req) refers to rt_list.o(i.rt_get_first) for rt_get_first
    rt_system.o(i.rt_pop_req) refers to rt_task.o(i.rt_switch_req) for rt_switch_req
    rt_system.o(i.rt_pop_req) refers to rt_event.o(i.rt_evt_psh) for rt_evt_psh
    rt_system.o(i.rt_pop_req) refers to rt_mailbox.o(i.rt_mbx_psh) for rt_mbx_psh
    rt_system.o(i.rt_pop_req) refers to rt_task.o(.data) for os_tsk
    rt_system.o(i.rt_pop_req) refers to rtx_conf_cm.o(.bss) for os_fifo
    rt_system.o(i.rt_pop_req) refers to rt_list.o(.bss) for os_rdy
    rt_system.o(i.rt_psh_req) refers to rt_system.o(.data) for .data
    rt_system.o(i.rt_resume) refers to rt_list.o(i.rt_put_rdy_first) for rt_put_rdy_first
    rt_system.o(i.rt_resume) refers to rt_list.o(i.rt_dec_dly) for rt_dec_dly
    rt_system.o(i.rt_resume) refers to rt_timer.o(i.rt_tmr_tick) for rt_tmr_tick
    rt_system.o(i.rt_resume) refers to rt_list.o(i.rt_get_first) for rt_get_first
    rt_system.o(i.rt_resume) refers to rt_task.o(i.rt_switch_req) for rt_switch_req
    rt_system.o(i.rt_resume) refers to rt_system.o(i.rt_tsk_unlock) for rt_tsk_unlock
    rt_system.o(i.rt_resume) refers to rt_task.o(.data) for os_tsk
    rt_system.o(i.rt_resume) refers to rt_robin.o(.data) for os_robin
    rt_system.o(i.rt_resume) refers to rt_list.o(.bss) for os_dly
    rt_system.o(i.rt_resume) refers to rt_time.o(.data) for os_time
    rt_system.o(i.rt_resume) refers to rt_timer.o(.data) for os_tmr
    rt_system.o(i.rt_stk_check) refers to rtx_conf_cm.o(.text) for os_error
    rt_system.o(i.rt_stk_check) refers to rt_task.o(.data) for os_tsk
    rt_system.o(i.rt_suspend) refers to rt_system.o(i.rt_tsk_lock) for rt_tsk_lock
    rt_system.o(i.rt_suspend) refers to rt_list.o(.bss) for os_dly
    rt_system.o(i.rt_suspend) refers to rt_timer.o(.data) for os_tmr
    rt_system.o(i.rt_systick) refers to rt_list.o(i.rt_put_rdy_first) for rt_put_rdy_first
    rt_system.o(i.rt_systick) refers to rt_robin.o(i.rt_chk_robin) for rt_chk_robin
    rt_system.o(i.rt_systick) refers to rt_list.o(i.rt_dec_dly) for rt_dec_dly
    rt_system.o(i.rt_systick) refers to rt_timer.o(i.rt_tmr_tick) for rt_tmr_tick
    rt_system.o(i.rt_systick) refers to rt_list.o(i.rt_get_first) for rt_get_first
    rt_system.o(i.rt_systick) refers to rt_task.o(i.rt_switch_req) for rt_switch_req
    rt_system.o(i.rt_systick) refers to rt_task.o(.data) for os_tsk
    rt_system.o(i.rt_systick) refers to rt_time.o(.data) for os_time
    rt_system.o(i.rt_systick) refers to rt_list.o(.bss) for os_rdy
    rt_system.o(i.rt_tsk_lock) refers to rt_system.o(.data) for .data
    rt_system.o(i.rt_tsk_unlock) refers to rt_system.o(.data) for .data
    rt_list.o(i.rt_dec_dly) refers to rt_list.o(i.rt_put_prio) for rt_put_prio
    rt_list.o(i.rt_dec_dly) refers to rt_list.o(.bss) for .bss
    rt_list.o(i.rt_dec_dly) refers to rt_time.o(.data) for os_time
    rt_list.o(i.rt_get_same_rdy_prio) refers to rt_list.o(.bss) for .bss
    rt_list.o(i.rt_get_same_rdy_prio) refers to rt_task.o(.data) for os_tsk
    rt_list.o(i.rt_psq_enq) refers to rtx_conf_cm.o(.text) for os_error
    rt_list.o(i.rt_psq_enq) refers to rtx_conf_cm.o(.bss) for os_fifo
    rt_list.o(i.rt_put_dly) refers to rt_list.o(.bss) for .bss
    rt_list.o(i.rt_put_rdy_first) refers to rt_list.o(.bss) for .bss
    rt_list.o(i.rt_resort_prio) refers to rt_list.o(i.rt_rmv_list) for rt_rmv_list
    rt_list.o(i.rt_resort_prio) refers to rt_list.o(i.rt_put_prio) for rt_put_prio
    rt_list.o(i.rt_resort_prio) refers to rt_list.o(.bss) for .bss
    rt_list.o(i.rt_rmv_list) refers to rt_list.o(.bss) for .bss
    rt_robin.o(i.rt_chk_robin) refers to rt_list.o(i.rt_get_first) for rt_get_first
    rt_robin.o(i.rt_chk_robin) refers to rt_list.o(i.rt_put_prio) for rt_put_prio
    rt_robin.o(i.rt_chk_robin) refers to rt_robin.o(.data) for .data
    rt_robin.o(i.rt_chk_robin) refers to rt_list.o(.bss) for os_rdy
    rt_robin.o(i.rt_chk_robin) refers to rt_time.o(.data) for os_time
    rt_robin.o(i.rt_init_robin) refers to rt_robin.o(.data) for .data
    rt_robin.o(i.rt_init_robin) refers to rtx_conf_cm.o(.constdata) for os_rrobin
    rt_membox.o(i._calloc_box) refers to hal_cm3.o(.emb_text) for _alloc_box
    hal_cm3.o(.emb_text) refers to rtx_conf_cm.o(.constdata) for os_flags
    hal_cm3.o(.emb_text) refers to rt_membox.o(i.rt_alloc_box) for rt_alloc_box
    hal_cm3.o(.emb_text) refers to rt_membox.o(i.rt_free_box) for rt_free_box
    hal_cm3.o(.emb_text) refers to rt_system.o(i.rt_stk_check) for rt_stk_check
    hal_cm3.o(.emb_text) refers to rt_task.o(.data) for os_tsk
    hal_cm3.o(.emb_text) refers to SVC_Table.o(SVC_TABLE) for SVC_Count
    hal_cm3.o(.emb_text) refers to rt_system.o(i.rt_pop_req) for rt_pop_req
    hal_cm3.o(.emb_text) refers to rt_system.o(i.rt_systick) for rt_systick
    hal_cm3.o(.emb_text) refers to rt_system.o(i.os_tick_irqack) for os_tick_irqack
    hal_cm3.o(i.dbg_init) refers to hal_cm3.o(.data) for .data
    hal_cm3.o(i.rt_init_stack) refers to rtx_conf_cm.o(.constdata) for os_stackinfo
    rt_event.o(i.isr_evt_set) refers to rt_list.o(i.rt_psq_enq) for rt_psq_enq
    rt_event.o(i.isr_evt_set) refers to rt_system.o(i.rt_psh_req) for rt_psh_req
    rt_event.o(i.isr_evt_set) refers to rtx_conf_cm.o(.bss) for os_active_TCB
    rt_event.o(i.rt_evt_clr) refers to rtx_conf_cm.o(.bss) for os_active_TCB
    rt_event.o(i.rt_evt_get) refers to rt_task.o(.data) for os_tsk
    rt_event.o(i.rt_evt_psh) refers to rt_list.o(i.rt_rmv_dly) for rt_rmv_dly
    rt_event.o(i.rt_evt_psh) refers to rt_list.o(i.rt_put_prio) for rt_put_prio
    rt_event.o(i.rt_evt_psh) refers to rt_list.o(.bss) for os_rdy
    rt_event.o(i.rt_evt_set) refers to rt_list.o(i.rt_rmv_dly) for rt_rmv_dly
    rt_event.o(i.rt_evt_set) refers to rt_task.o(i.rt_dispatch) for rt_dispatch
    rt_event.o(i.rt_evt_set) refers to rtx_conf_cm.o(.bss) for os_active_TCB
    rt_event.o(i.rt_evt_wait) refers to rt_task.o(i.rt_block) for rt_block
    rt_event.o(i.rt_evt_wait) refers to rt_task.o(.data) for os_tsk
    rt_mailbox.o(i.isr_mbx_receive) refers to rt_list.o(i.rt_psq_enq) for rt_psq_enq
    rt_mailbox.o(i.isr_mbx_receive) refers to rt_system.o(i.rt_psh_req) for rt_psh_req
    rt_mailbox.o(i.isr_mbx_send) refers to rt_list.o(i.rt_psq_enq) for rt_psq_enq
    rt_mailbox.o(i.isr_mbx_send) refers to rt_system.o(i.rt_psh_req) for rt_psh_req
    rt_mailbox.o(i.rt_mbx_psh) refers to rt_list.o(i.rt_get_first) for rt_get_first
    rt_mailbox.o(i.rt_mbx_psh) refers to rt_list.o(i.rt_rmv_dly) for rt_rmv_dly
    rt_mailbox.o(i.rt_mbx_psh) refers to rt_list.o(i.rt_put_prio) for rt_put_prio
    rt_mailbox.o(i.rt_mbx_psh) refers to rtx_conf_cm.o(.text) for os_error
    rt_mailbox.o(i.rt_mbx_psh) refers to rt_list.o(.bss) for os_rdy
    rt_mailbox.o(i.rt_mbx_send) refers to rt_list.o(i.rt_put_prio) for rt_put_prio
    rt_mailbox.o(i.rt_mbx_send) refers to rt_list.o(i.rt_get_first) for rt_get_first
    rt_mailbox.o(i.rt_mbx_send) refers to rt_list.o(i.rt_rmv_dly) for rt_rmv_dly
    rt_mailbox.o(i.rt_mbx_send) refers to rt_task.o(i.rt_dispatch) for rt_dispatch
    rt_mailbox.o(i.rt_mbx_send) refers to rt_task.o(i.rt_block) for rt_block
    rt_mailbox.o(i.rt_mbx_send) refers to rt_task.o(.data) for os_tsk
    rt_mailbox.o(i.rt_mbx_wait) refers to rt_list.o(i.rt_get_first) for rt_get_first
    rt_mailbox.o(i.rt_mbx_wait) refers to rt_list.o(i.rt_rmv_dly) for rt_rmv_dly
    rt_mailbox.o(i.rt_mbx_wait) refers to rt_task.o(i.rt_dispatch) for rt_dispatch
    rt_mailbox.o(i.rt_mbx_wait) refers to rt_list.o(i.rt_put_prio) for rt_put_prio
    rt_mailbox.o(i.rt_mbx_wait) refers to rt_task.o(i.rt_block) for rt_block
    rt_mailbox.o(i.rt_mbx_wait) refers to rt_task.o(.data) for os_tsk
    rt_semaphore.o(i.isr_sem_send) refers to rt_list.o(i.rt_psq_enq) for rt_psq_enq
    rt_semaphore.o(i.isr_sem_send) refers to rt_system.o(i.rt_psh_req) for rt_psh_req
    rt_semaphore.o(i.rt_sem_psh) refers to rt_list.o(i.rt_get_first) for rt_get_first
    rt_semaphore.o(i.rt_sem_psh) refers to rt_list.o(i.rt_rmv_dly) for rt_rmv_dly
    rt_semaphore.o(i.rt_sem_psh) refers to rt_list.o(i.rt_put_prio) for rt_put_prio
    rt_semaphore.o(i.rt_sem_psh) refers to rt_list.o(.bss) for os_rdy
    rt_semaphore.o(i.rt_sem_send) refers to rt_list.o(i.rt_get_first) for rt_get_first
    rt_semaphore.o(i.rt_sem_send) refers to rt_list.o(i.rt_rmv_dly) for rt_rmv_dly
    rt_semaphore.o(i.rt_sem_send) refers to rt_task.o(i.rt_dispatch) for rt_dispatch
    rt_semaphore.o(i.rt_sem_send) refers to rt_task.o(.data) for os_tsk
    rt_semaphore.o(i.rt_sem_wait) refers to rt_list.o(i.rt_put_prio) for rt_put_prio
    rt_semaphore.o(i.rt_sem_wait) refers to rt_task.o(i.rt_block) for rt_block
    rt_semaphore.o(i.rt_sem_wait) refers to rt_task.o(.data) for os_tsk
    rt_timer.o(i.rt_tmr_create) refers to rt_membox.o(i.rt_alloc_box) for rt_alloc_box
    rt_timer.o(i.rt_tmr_create) refers to rtx_conf_cm.o(.data) for m_tmr
    rt_timer.o(i.rt_tmr_create) refers to rt_timer.o(.data) for .data
    rt_timer.o(i.rt_tmr_kill) refers to rt_membox.o(i.rt_free_box) for rt_free_box
    rt_timer.o(i.rt_tmr_kill) refers to rt_timer.o(.data) for .data
    rt_timer.o(i.rt_tmr_kill) refers to rtx_conf_cm.o(.data) for m_tmr
    rt_timer.o(i.rt_tmr_tick) refers to rtx_conf_cm.o(.text) for os_tmr_call
    rt_timer.o(i.rt_tmr_tick) refers to rt_membox.o(i.rt_free_box) for rt_free_box
    rt_timer.o(i.rt_tmr_tick) refers to rt_timer.o(.data) for .data
    rt_timer.o(i.rt_tmr_tick) refers to rtx_conf_cm.o(.data) for m_tmr
    entry.o(.ARM.Collect$$$$00000000) refers (Special) to entry10a.o(.ARM.Collect$$$$0000000D) for __rt_final_cpp
    entry.o(.ARM.Collect$$$$00000000) refers (Special) to entry11a.o(.ARM.Collect$$$$0000000F) for __rt_final_exit
    entry.o(.ARM.Collect$$$$00000000) refers (Special) to entry7b.o(.ARM.Collect$$$$00000008) for _main_clock
    entry.o(.ARM.Collect$$$$00000000) refers (Special) to entry8b.o(.ARM.Collect$$$$0000000A) for _main_cpp_init
    entry.o(.ARM.Collect$$$$00000000) refers (Special) to entry9a.o(.ARM.Collect$$$$0000000B) for _main_init
    entry.o(.ARM.Collect$$$$00000000) refers (Special) to entry5.o(.ARM.Collect$$$$00000004) for _main_scatterload
    entry.o(.ARM.Collect$$$$00000000) refers (Special) to entry2.o(.ARM.Collect$$$$00000001) for _main_stk
    entry2.o(.ARM.Collect$$$$00000001) refers to entry2.o(.ARM.Collect$$$$00002712) for __lit__00000000
    entry2.o(.ARM.Collect$$$$00002712) refers to startup_lpc17xx.o(STACK) for __initial_sp
    entry2.o(__vectab_stack_and_reset_area) refers to startup_lpc17xx.o(STACK) for __initial_sp
    entry2.o(__vectab_stack_and_reset_area) refers to entry.o(.ARM.Collect$$$$00000000) for __main
    entry5.o(.ARM.Collect$$$$00000004) refers to init.o(.text) for __scatterload
    entry9a.o(.ARM.Collect$$$$0000000B) refers to main.o(.text) for main
    entry9b.o(.ARM.Collect$$$$0000000C) refers to main.o(.text) for main
    init.o(.text) refers to entry5.o(.ARM.Collect$$$$00000004) for __main_after_scatterload


==============================================================================

Removing Unused input sections from the image.

    Removing system_lpc17xx.o(.rev16_text), (4 bytes).
    Removing system_lpc17xx.o(.revsh_text), (4 bytes).
    Removing system_lpc17xx.o(.text), (540 bytes).
    Removing system_lpc17xx.o(.data), (4 bytes).
    Removing startup_lpc17xx.o(HEAP), (0 bytes).
    Removing uart_1768.o(.rev16_text), (4 bytes).
    Removing uart_1768.o(.revsh_text), (4 bytes).
    Removing main.o(.rev16_text), (4 bytes).
    Removing main.o(.revsh_text), (4 bytes).
    Removing main.o(.bss), (29 bytes).
    Removing dc.o(.rev16_text), (4 bytes).
    Removing dc.o(.revsh_text), (4 bytes).
    Removing buzzer.o(.rev16_text), (4 bytes).
    Removing buzzer.o(.revsh_text), (4 bytes).
    Removing lcd.o(.rev16_text), (4 bytes).
    Removing lcd.o(.revsh_text), (4 bytes).
    Removing lcd.o(.text), (616 bytes).
    Removing lcd.o(.data), (8 bytes).
    Removing timer.o(.rev16_text), (4 bytes).
    Removing timer.o(.revsh_text), (4 bytes).
    Removing rt_time.o(i.rt_time_get), (12 bytes).
    Removing rt_task.o(i.rt_dispatch), (68 bytes).
    Removing rt_task.o(i.rt_init_context), (76 bytes).
    Removing rt_task.o(i.rt_sys_init), (344 bytes).
    Removing rt_task.o(i.rt_tsk_create), (148 bytes).
    Removing rt_task.o(i.rt_tsk_delete), (364 bytes).
    Removing rt_task.o(i.rt_tsk_pass), (48 bytes).
    Removing rt_task.o(i.rt_tsk_prio), (140 bytes).
    Removing rt_task.o(i.rt_tsk_self), (16 bytes).
    Removing rt_task.o(.bss), (56 bytes).
    Removing rt_system.o(.emb_text), (0 bytes).
    Removing rt_system.o(i.os_tick_init), (40 bytes).
    Removing rt_system.o(i.rt_psh_req), (32 bytes).
    Removing rt_system.o(i.rt_resume), (176 bytes).
    Removing rt_system.o(i.rt_suspend), (44 bytes).
    Removing rt_system.o(i.rt_tsk_lock), (80 bytes).
    Removing rt_system.o(i.rt_tsk_unlock), (80 bytes).
    Removing rt_system.o(.data), (8 bytes).
    Removing rt_list.o(i.rt_get_same_rdy_prio), (36 bytes).
    Removing rt_list.o(i.rt_psq_enq), (88 bytes).
    Removing rt_list.o(i.rt_resort_prio), (52 bytes).
    Removing rt_list.o(i.rt_rmv_list), (48 bytes).
    Removing rt_robin.o(i.rt_init_robin), (24 bytes).
    Removing rt_membox.o(i._calloc_box), (30 bytes).
    Removing rt_membox.o(i._init_box), (70 bytes).
    Removing hal_cm3.o(i.dbg_init), (48 bytes).
    Removing hal_cm3.o(i.dbg_task_notify), (32 bytes).
    Removing hal_cm3.o(i.rt_init_stack), (80 bytes).
    Removing rt_event.o(i.isr_evt_set), (40 bytes).
    Removing rt_event.o(i.rt_evt_clr), (28 bytes).
    Removing rt_event.o(i.rt_evt_get), (12 bytes).
    Removing rt_event.o(i.rt_evt_set), (96 bytes).
    Removing rt_event.o(i.rt_evt_wait), (60 bytes).
    Removing rt_mailbox.o(i.isr_mbx_receive), (84 bytes).
    Removing rt_mailbox.o(i.isr_mbx_send), (14 bytes).
    Removing rt_mailbox.o(i.rt_mbx_check), (8 bytes).
    Removing rt_mailbox.o(i.rt_mbx_init), (26 bytes).
    Removing rt_mailbox.o(i.rt_mbx_send), (164 bytes).
    Removing rt_mailbox.o(i.rt_mbx_wait), (184 bytes).
    Removing rt_semaphore.o(i.isr_sem_send), (16 bytes).
    Removing rt_semaphore.o(i.rt_sem_init), (12 bytes).
    Removing rt_semaphore.o(i.rt_sem_send), (56 bytes).
    Removing rt_semaphore.o(i.rt_sem_wait), (64 bytes).
    Removing rt_timer.o(i.rt_tmr_create), (80 bytes).
    Removing rt_timer.o(i.rt_tmr_kill), (52 bytes).

65 unused section(s) (total 4489 bytes) removed from the image.

==============================================================================

Image Symbol Table

    Local Symbols

    Symbol Name                              Value     Ov Type        Size  Object(Section)

    RESET                                    0x00000000   Section      204  startup_lpc17xx.o(RESET)
    ../clib/microlib/init/entry.s            0x00000000   Number         0  entry9b.o ABSOLUTE
    ../clib/microlib/init/entry.s            0x00000000   Number         0  entry7a.o ABSOLUTE
    ../clib/microlib/init/entry.s            0x00000000   Number         0  entry10b.o ABSOLUTE
    ../clib/microlib/init/entry.s            0x00000000   Number         0  entry10a.o ABSOLUTE
    ../clib/microlib/init/entry.s            0x00000000   Number         0  entry9a.o ABSOLUTE
    ../clib/microlib/init/entry.s            0x00000000   Number         0  entry5.o ABSOLUTE
    ../clib/microlib/init/entry.s            0x00000000   Number         0  entry8b.o ABSOLUTE
    ../clib/microlib/init/entry.s            0x00000000   Number         0  entry11b.o ABSOLUTE
    ../clib/microlib/init/entry.s            0x00000000   Number         0  entry8a.o ABSOLUTE
    ../clib/microlib/init/entry.s            0x00000000   Number         0  entry11a.o ABSOLUTE
    ../clib/microlib/init/entry.s            0x00000000   Number         0  entry.o ABSOLUTE
    ../clib/microlib/init/entry.s            0x00000000   Number         0  entry7b.o ABSOLUTE
    ../clib/microlib/init/entry.s            0x00000000   Number         0  entry2.o ABSOLUTE
    RTX_Conf_CM.c                            0x00000000   Number         0  rtx_conf_cm.o ABSOLUTE
    SOURCE\BUZZER.C                          0x00000000   Number         0  buzzer.o ABSOLUTE
    SOURCE\DC.C                              0x00000000   Number         0  dc.o ABSOLUTE
    SOURCE\HEADER FILES\UART_1768.C          0x00000000   Number         0  uart_1768.o ABSOLUTE
    SOURCE\LCD.C                             0x00000000   Number         0  lcd.o ABSOLUTE
    SOURCE\MAIN.C                            0x00000000   Number         0  main.o ABSOLUTE
    SOURCE\TIMER.C                           0x00000000   Number         0  timer.o ABSOLUTE
    SOURCE\\BUZZER.C                         0x00000000   Number         0  buzzer.o ABSOLUTE
    SOURCE\\DC.C                             0x00000000   Number         0  dc.o ABSOLUTE
    SOURCE\\HEADER FILES\\UART_1768.C        0x00000000   Number         0  uart_1768.o ABSOLUTE
    SOURCE\\LCD.C                            0x00000000   Number         0  lcd.o ABSOLUTE
    SOURCE\\MAIN.C                           0x00000000   Number         0  main.o ABSOLUTE
    SOURCE\\TIMER.C                          0x00000000   Number         0  timer.o ABSOLUTE
    SRC\CM\HAL_CM3.c                         0x00000000   Number         0  hal_cm3.o ABSOLUTE
    SRC\CM\SVC_Table.s                       0x00000000   Number         0  SVC_Table.o ABSOLUTE
    SRC\CM\rt_Event.c                        0x00000000   Number         0  rt_event.o ABSOLUTE
    SRC\CM\rt_List.c                         0x00000000   Number         0  rt_list.o ABSOLUTE
    SRC\CM\rt_Mailbox.c                      0x00000000   Number         0  rt_mailbox.o ABSOLUTE
    SRC\CM\rt_MemBox.c                       0x00000000   Number         0  rt_membox.o ABSOLUTE
    SRC\CM\rt_Robin.c                        0x00000000   Number         0  rt_robin.o ABSOLUTE
    SRC\CM\rt_Semaphore.c                    0x00000000   Number         0  rt_semaphore.o ABSOLUTE
    SRC\CM\rt_System.c                       0x00000000   Number         0  rt_system.o ABSOLUTE
    SRC\CM\rt_Task.c                         0x00000000   Number         0  rt_task.o ABSOLUTE
    SRC\CM\rt_Time.c                         0x00000000   Number         0  rt_time.o ABSOLUTE
    SRC\CM\rt_Timer.c                        0x00000000   Number         0  rt_timer.o ABSOLUTE
    SRC\\CM\\HAL_CM3.c                       0x00000000   Number         0  hal_cm3.o ABSOLUTE
    SRC\\CM\\rt_System.c                     0x00000000   Number         0  rt_system.o ABSOLUTE
    dc.s                                     0x00000000   Number         0  dc.o ABSOLUTE
    handlers.s                               0x00000000   Number         0  handlers.o ABSOLUTE
    init.s                                   0x00000000   Number         0  init.o ABSOLUTE
    startup_LPC17xx.s                        0x00000000   Number         0  startup_lpc17xx.o ABSOLUTE
    system_LPC17xx.c                         0x00000000   Number         0  system_lpc17xx.o ABSOLUTE
    system_LPC17xx.c                         0x00000000   Number         0  system_lpc17xx.o ABSOLUTE
    .ARM.Collect$$$$00000000                 0x000000cc   Section        0  entry.o(.ARM.Collect$$$$00000000)
    .ARM.Collect$$$$00000001                 0x000000cc   Section        4  entry2.o(.ARM.Collect$$$$00000001)
    .ARM.Collect$$$$00000004                 0x000000d0   Section        4  entry5.o(.ARM.Collect$$$$00000004)
    .ARM.Collect$$$$00000008                 0x000000d4   Section        0  entry7b.o(.ARM.Collect$$$$00000008)
    .ARM.Collect$$$$0000000A                 0x000000d4   Section        0  entry8b.o(.ARM.Collect$$$$0000000A)
    .ARM.Collect$$$$0000000B                 0x000000d4   Section        8  entry9a.o(.ARM.Collect$$$$0000000B)
    .ARM.Collect$$$$0000000D                 0x000000dc   Section        0  entry10a.o(.ARM.Collect$$$$0000000D)
    .ARM.Collect$$$$0000000F                 0x000000dc   Section        0  entry11a.o(.ARM.Collect$$$$0000000F)
    .ARM.Collect$$$$00002712                 0x000000dc   Section        4  entry2.o(.ARM.Collect$$$$00002712)
    __lit__00000000                          0x000000dc   Data           4  entry2.o(.ARM.Collect$$$$00002712)
    .emb_text                                0x000000e0   Section      340  hal_cm3.o(.emb_text)
    .text                                    0x00000234   Section        0  rtx_conf_cm.o(.text)
    .text                                    0x00000240   Section       28  startup_lpc17xx.o(.text)
    .text                                    0x0000025c   Section        0  dc.o(.text)
    .text                                    0x000002bc   Section       36  init.o(.text)
    SVC_TABLE                                0x000002e0   Section        4  SVC_Table.o(SVC_TABLE)
    i.__scatterload_copy                     0x000002e4   Section       14  handlers.o(i.__scatterload_copy)
    i.__scatterload_null                     0x000002f2   Section        2  handlers.o(i.__scatterload_null)
    i.os_tick_irqack                         0x000002f4   Section        0  rt_system.o(i.os_tick_irqack)
    i.rt_dly_wait                            0x000002f6   Section        0  rt_time.o(i.rt_dly_wait)
    .ARM.__at_0x02FC                         0x000002fc   Section        4  startup_lpc17xx.o(.ARM.__at_0x02FC)
    .text                                    0x00000300   Section        0  uart_1768.o(.text)
    .text                                    0x000003a8   Section        0  main.o(.text)
    .text                                    0x00000470   Section        0  buzzer.o(.text)
    .text                                    0x000004f0   Section        0  timer.o(.text)
    i.__scatterload_zeroinit                 0x0000054c   Section       14  handlers.o(i.__scatterload_zeroinit)
    i.dbg_task_switch                        0x0000055a   Section        0  hal_cm3.o(i.dbg_task_switch)
    i.rt_alloc_box                           0x0000056a   Section        0  rt_membox.o(i.rt_alloc_box)
    i.rt_block                               0x00000584   Section        0  rt_task.o(i.rt_block)
    i.rt_chk_robin                           0x000005bc   Section        0  rt_robin.o(i.rt_chk_robin)
    i.rt_dec_dly                             0x00000604   Section        0  rt_list.o(i.rt_dec_dly)
    i.rt_evt_psh                             0x00000678   Section        0  rt_event.o(i.rt_evt_psh)
    i.rt_free_box                            0x000006c4   Section        0  rt_membox.o(i.rt_free_box)
    i.rt_get_first                           0x000006e4   Section        0  rt_list.o(i.rt_get_first)
    i.rt_itv_set                             0x0000070c   Section        0  rt_time.o(i.rt_itv_set)
    i.rt_itv_wait                            0x00000724   Section        0  rt_time.o(i.rt_itv_wait)
    i.rt_mbx_psh                             0x00000750   Section        0  rt_mailbox.o(i.rt_mbx_psh)
    i.rt_pop_req                             0x00000810   Section        0  rt_system.o(i.rt_pop_req)
    i.rt_put_dly                             0x0000088c   Section        0  rt_list.o(i.rt_put_dly)
    i.rt_put_prio                            0x000008d4   Section        0  rt_list.o(i.rt_put_prio)
    i.rt_put_rdy_first                       0x0000090c   Section        0  rt_list.o(i.rt_put_rdy_first)
    i.rt_rmv_dly                             0x00000920   Section        0  rt_list.o(i.rt_rmv_dly)
    i.rt_sem_psh                             0x00000948   Section        0  rt_semaphore.o(i.rt_sem_psh)
    i.rt_stk_check                           0x0000097c   Section        0  rt_system.o(i.rt_stk_check)
    i.rt_switch_req                          0x000009a0   Section        0  rt_task.o(i.rt_switch_req)
    i.rt_systick                             0x000009c8   Section        0  rt_system.o(i.rt_systick)
    i.rt_tmr_tick                            0x00000a08   Section        0  rt_timer.o(i.rt_tmr_tick)
    .constdata                               0x00000a48   Section       40  rtx_conf_cm.o(.constdata)
    __tagsym$$used                           0x00000a5c   Number         0  rtx_conf_cm.o(.constdata)
    __tagsym$$used                           0x00000a60   Number         0  rtx_conf_cm.o(.constdata)
    .constdata                               0x00000a70   Section        4  rt_system.o(.constdata)
    __tagsym$$used                           0x00000a70   Number         0  rt_system.o(.constdata)
    .data                                    0x10000000   Section        4  rtx_conf_cm.o(.data)
    .data                                    0x10000004   Section        8  main.o(.data)
    .data                                    0x1000000c   Section        4  rt_time.o(.data)
    .data                                    0x10000010   Section        8  rt_task.o(.data)
    .data                                    0x10000018   Section        8  rt_robin.o(.data)
    .data                                    0x10000020   Section        1  hal_cm3.o(.data)
    .data                                    0x10000024   Section        8  rt_timer.o(.data)
    .bss                                     0x10000030   Section     1924  rtx_conf_cm.o(.bss)
    .bss                                     0x100007b4   Section       48  rt_list.o(.bss)
    STACK                                    0x100007e8   Section      512  startup_lpc17xx.o(STACK)

    Global Symbols

    Symbol Name                              Value     Ov Type        Size  Object(Section)

    BuildAttributes$$THM_ISAv4$P$D$K$B$S$PE$A:L22UL41UL21$X:L11$S22US41US21$IEEE1$IW$USESV6$~STKCKD$USESV7$~SHL$OSPACE$EBA8$MICROLIB$REQ8$PRES8$EABIv2 0x00000000   Number         0  anon$$obj.o ABSOLUTE
    __ARM_use_no_argv                        0x00000000   Number         0  main.o ABSOLUTE
    __Vectors                                0x00000000   Data           4  startup_lpc17xx.o(RESET)
    __cpp_initialize__aeabi_                  - Undefined Weak Reference
    __cxa_finalize                            - Undefined Weak Reference
    __decompress                              - Undefined Weak Reference
    _clock_init                               - Undefined Weak Reference
    _microlib_exit                            - Undefined Weak Reference
    __main                                   0x000000cd   Thumb Code     0  entry.o(.ARM.Collect$$$$00000000)
    _main_stk                                0x000000cd   Thumb Code     0  entry2.o(.ARM.Collect$$$$00000001)
    _main_scatterload                        0x000000d1   Thumb Code     0  entry5.o(.ARM.Collect$$$$00000004)
    __main_after_scatterload                 0x000000d5   Thumb Code     0  entry5.o(.ARM.Collect$$$$00000004)
    _main_clock                              0x000000d5   Thumb Code     0  entry7b.o(.ARM.Collect$$$$00000008)
    _main_cpp_init                           0x000000d5   Thumb Code     0  entry8b.o(.ARM.Collect$$$$0000000A)
    _main_init                               0x000000d5   Thumb Code     0  entry9a.o(.ARM.Collect$$$$0000000B)
    __rt_final_cpp                           0x000000dd   Thumb Code     0  entry10a.o(.ARM.Collect$$$$0000000D)
    __rt_final_exit                          0x000000dd   Thumb Code     0  entry11a.o(.ARM.Collect$$$$0000000F)
    rt_set_PSP                               0x000000e1   Thumb Code     6  hal_cm3.o(.emb_text)
    rt_get_PSP                               0x000000e7   Thumb Code     6  hal_cm3.o(.emb_text)
    os_set_env                               0x000000ed   Thumb Code    24  hal_cm3.o(.emb_text)
    _alloc_box                               0x00000109   Thumb Code    28  hal_cm3.o(.emb_text)
    _free_box                                0x00000129   Thumb Code    28  hal_cm3.o(.emb_text)
    SVC_Handler                              0x00000149   Thumb Code   124  hal_cm3.o(.emb_text)
    PendSV_Handler                           0x000001d1   Thumb Code    76  hal_cm3.o(.emb_text)
    SysTick_Handler                          0x00000221   Thumb Code     8  hal_cm3.o(.emb_text)
    OS_Tick_Handler                          0x00000229   Thumb Code    12  hal_cm3.o(.emb_text)
    os_idle_demon                            0x00000235   Thumb Code     4  rtx_conf_cm.o(.text)
    os_tmr_call                              0x00000239   Thumb Code     2  rtx_conf_cm.o(.text)
    os_error                                 0x0000023b   Thumb Code     4  rtx_conf_cm.o(.text)
    Reset_Handler                            0x00000241   Thumb Code     4  startup_lpc17xx.o(.text)
    NMI_Handler                              0x00000245   Thumb Code     2  startup_lpc17xx.o(.text)
    HardFault_Handler                        0x00000247   Thumb Code     2  startup_lpc17xx.o(.text)
    MemManage_Handler                        0x00000249   Thumb Code     2  startup_lpc17xx.o(.text)
    BusFault_Handler                         0x0000024b   Thumb Code     2  startup_lpc17xx.o(.text)
    UsageFault_Handler                       0x0000024d   Thumb Code     2  startup_lpc17xx.o(.text)
    DebugMon_Handler                         0x00000251   Thumb Code     2  startup_lpc17xx.o(.text)
    ADC_IRQHandler                           0x00000257   Thumb Code     0  startup_lpc17xx.o(.text)
    BOD_IRQHandler                           0x00000257   Thumb Code     0  startup_lpc17xx.o(.text)
    CANActivity_IRQHandler                   0x00000257   Thumb Code     0  startup_lpc17xx.o(.text)
    CAN_IRQHandler                           0x00000257   Thumb Code     0  startup_lpc17xx.o(.text)
    DMA_IRQHandler                           0x00000257   Thumb Code     0  startup_lpc17xx.o(.text)
    EINT0_IRQHandler                         0x00000257   Thumb Code     0  startup_lpc17xx.o(.text)
    EINT1_IRQHandler                         0x00000257   Thumb Code     0  startup_lpc17xx.o(.text)
    EINT2_IRQHandler                         0x00000257   Thumb Code     0  startup_lpc17xx.o(.text)
    ENET_IRQHandler                          0x00000257   Thumb Code     0  startup_lpc17xx.o(.text)
    I2C0_IRQHandler                          0x00000257   Thumb Code     0  startup_lpc17xx.o(.text)
    I2C1_IRQHandler                          0x00000257   Thumb Code     0  startup_lpc17xx.o(.text)
    I2C2_IRQHandler                          0x00000257   Thumb Code     0  startup_lpc17xx.o(.text)
    I2S_IRQHandler                           0x00000257   Thumb Code     0  startup_lpc17xx.o(.text)
    MCPWM_IRQHandler                         0x00000257   Thumb Code     0  startup_lpc17xx.o(.text)
    PLL0_IRQHandler                          0x00000257   Thumb Code     0  startup_lpc17xx.o(.text)
    PLL1_IRQHandler                          0x00000257   Thumb Code     0  startup_lpc17xx.o(.text)
    PWM1_IRQHandler                          0x00000257   Thumb Code     0  startup_lpc17xx.o(.text)
    QEI_IRQHandler                           0x00000257   Thumb Code     0  startup_lpc17xx.o(.text)
    RIT_IRQHandler                           0x00000257   Thumb Code     0  startup_lpc17xx.o(.text)
    RTC_IRQHandler                           0x00000257   Thumb Code     0  startup_lpc17xx.o(.text)
    SPI_IRQHandler                           0x00000257   Thumb Code     0  startup_lpc17xx.o(.text)
    SSP0_IRQHandler                          0x00000257   Thumb Code     0  startup_lpc17xx.o(.text)
    SSP1_IRQHandler                          0x00000257   Thumb Code     0  startup_lpc17xx.o(.text)
    TIMER0_IRQHandler                        0x00000257   Thumb Code     0  startup_lpc17xx.o(.text)
    TIMER1_IRQHandler                        0x00000257   Thumb Code     0  startup_lpc17xx.o(.text)
    TIMER2_IRQHandler                        0x00000257   Thumb Code     0  startup_lpc17xx.o(.text)
    TIMER3_IRQHandler                        0x00000257   Thumb Code     0  startup_lpc17xx.o(.text)
    UART0_IRQHandler                         0x00000257   Thumb Code     0  startup_lpc17xx.o(.text)
    UART1_IRQHandler                         0x00000257   Thumb Code     0  startup_lpc17xx.o(.text)
    UART2_IRQHandler                         0x00000257   Thumb Code     0  startup_lpc17xx.o(.text)
    UART3_IRQHandler                         0x00000257   Thumb Code     0  startup_lpc17xx.o(.text)
    USBActivity_IRQHandler                   0x00000257   Thumb Code     0  startup_lpc17xx.o(.text)
    USB_IRQHandler                           0x00000257   Thumb Code     0  startup_lpc17xx.o(.text)
    WDT_IRQHandler                           0x00000257   Thumb Code     0  startup_lpc17xx.o(.text)
    CLOCK_WISE                               0x0000025d   Thumb Code    26  dc.o(.text)
    ANTICLOCK_WISE                           0x00000277   Thumb Code    30  dc.o(.text)
    DC_Init                                  0x00000295   Thumb Code    26  dc.o(.text)
    __scatterload                            0x000002bd   Thumb Code    28  init.o(.text)
    __scatterload_rt2                        0x000002bd   Thumb Code     0  init.o(.text)
    SVC_Count                                0x000002e0   Data           4  SVC_Table.o(SVC_TABLE)
    SVC_Table                                0x000002e4   Data           0  SVC_Table.o(SVC_TABLE)
    __scatterload_copy                       0x000002e5   Thumb Code    14  handlers.o(i.__scatterload_copy)
    __scatterload_null                       0x000002f3   Thumb Code     2  handlers.o(i.__scatterload_null)
    os_tick_irqack                           0x000002f5   Thumb Code     2  rt_system.o(i.os_tick_irqack)
    rt_dly_wait                              0x000002f7   Thumb Code     6  rt_time.o(i.rt_dly_wait)
    UART0_SendChar                           0x00000301   Thumb Code    18  uart_1768.o(.text)
    UART0_SendString                         0x00000313   Thumb Code    22  uart_1768.o(.text)
    UART0_RecieveChar                        0x00000329   Thumb Code    30  uart_1768.o(.text)
    UART0_Init                               0x00000347   Thumb Code    76  uart_1768.o(.text)
    Ext_Int_init                             0x000003a9   Thumb Code    60  main.o(.text)
    EINT3_IRQHandler                         0x000003e5   Thumb Code     8  main.o(.text)
    main                                     0x000003ed   Thumb Code    62  main.o(.text)
    BUZZER_init                              0x00000471   Thumb Code    26  buzzer.o(.text)
    __RL_RTX_VER                             0x00000473   Number         0  rt_system.o ABSOLUTE
    BUZZER_On                                0x0000048b   Thumb Code    42  buzzer.o(.text)
    BUZZER_Off                               0x000004b5   Thumb Code    42  buzzer.o(.text)
    Timer0_Init                              0x000004f1   Thumb Code    46  timer.o(.text)
    delayms                                  0x0000051f   Thumb Code    34  timer.o(.text)
    __scatterload_zeroinit                   0x0000054d   Thumb Code    14  handlers.o(i.__scatterload_zeroinit)
    dbg_task_switch                          0x0000055b   Thumb Code    16  hal_cm3.o(i.dbg_task_switch)
    rt_alloc_box                             0x0000056b   Thumb Code    26  rt_membox.o(i.rt_alloc_box)
    rt_block                                 0x00000585   Thumb Code    48  rt_task.o(i.rt_block)
    rt_chk_robin                             0x000005bd   Thumb Code    60  rt_robin.o(i.rt_chk_robin)
    rt_dec_dly                               0x00000605   Thumb Code   106  rt_list.o(i.rt_dec_dly)
    rt_evt_psh                               0x00000679   Thumb Code    72  rt_event.o(i.rt_evt_psh)
    rt_free_box                              0x000006c5   Thumb Code    32  rt_membox.o(i.rt_free_box)
    rt_get_first                             0x000006e5   Thumb Code    40  rt_list.o(i.rt_get_first)
    rt_itv_set                               0x0000070d   Thumb Code    16  rt_time.o(i.rt_itv_set)
    rt_itv_wait                              0x00000725   Thumb Code    34  rt_time.o(i.rt_itv_wait)
    rt_mbx_psh                               0x00000751   Thumb Code   188  rt_mailbox.o(i.rt_mbx_psh)
    rt_pop_req                               0x00000811   Thumb Code   110  rt_system.o(i.rt_pop_req)
    rt_put_dly                               0x0000088d   Thumb Code    68  rt_list.o(i.rt_put_dly)
    rt_put_prio                              0x000008d5   Thumb Code    54  rt_list.o(i.rt_put_prio)
    rt_put_rdy_first                         0x0000090d   Thumb Code    14  rt_list.o(i.rt_put_rdy_first)
    rt_rmv_dly                               0x00000921   Thumb Code    40  rt_list.o(i.rt_rmv_dly)
    rt_sem_psh                               0x00000949   Thumb Code    46  rt_semaphore.o(i.rt_sem_psh)
    rt_stk_check                             0x0000097d   Thumb Code    28  rt_system.o(i.rt_stk_check)
    rt_switch_req                            0x000009a1   Thumb Code    30  rt_task.o(i.rt_switch_req)
    rt_systick                               0x000009c9   Thumb Code    50  rt_system.o(i.rt_systick)
    rt_tmr_tick                              0x00000a09   Thumb Code    56  rt_timer.o(i.rt_tmr_tick)
    os_maxtaskrun                            0x00000a48   Data           2  rtx_conf_cm.o(.constdata)
    os_stackinfo                             0x00000a4c   Data           4  rtx_conf_cm.o(.constdata)
    os_rrobin                                0x00000a50   Data           4  rtx_conf_cm.o(.constdata)
    os_trv                                   0x00000a54   Data           4  rtx_conf_cm.o(.constdata)
    os_flags                                 0x00000a58   Data           1  rtx_conf_cm.o(.constdata)
    os_clockrate                             0x00000a5c   Data           4  rtx_conf_cm.o(.constdata)
    os_timernum                              0x00000a60   Data           4  rtx_conf_cm.o(.constdata)
    mp_tcb_size                              0x00000a64   Data           2  rtx_conf_cm.o(.constdata)
    mp_stk_size                              0x00000a68   Data           4  rtx_conf_cm.o(.constdata)
    os_fifo_size                             0x00000a6c   Data           1  rtx_conf_cm.o(.constdata)
    mp_tmr_size                              0x00000a6e   Data           2  rtx_conf_cm.o(.constdata)
    RL_RTX_Version                           0x00000a70   Data           4  rt_system.o(.constdata)
    Region$$Table$$Base                      0x00000a74   Number         0  anon$$obj.o(Region$$Table)
    Region$$Table$$Limit                     0x00000a94   Number         0  anon$$obj.o(Region$$Table)
    m_tmr                                    0x10000000   Data           4  rtx_conf_cm.o(.data)
    x                                        0x10000004   Data           1  main.o(.data)
    i                                        0x10000008   Data           4  main.o(.data)
    os_time                                  0x1000000c   Data           4  rt_time.o(.data)
    os_tsk                                   0x10000010   Data           8  rt_task.o(.data)
    os_robin                                 0x10000018   Data           8  rt_robin.o(.data)
    dbg_msg                                  0x10000020   Data           1  hal_cm3.o(.data)
    os_tmr                                   0x10000024   Data           8  rt_timer.o(.data)
    mp_tcb                                   0x10000030   Data         348  rtx_conf_cm.o(.bss)
    mp_stk                                   0x10000190   Data        1416  rtx_conf_cm.o(.bss)
    os_fifo                                  0x10000718   Data         132  rtx_conf_cm.o(.bss)
    os_active_TCB                            0x1000079c   Data          24  rtx_conf_cm.o(.bss)
    os_rdy                                   0x100007b4   Data          24  rt_list.o(.bss)
    os_dly                                   0x100007cc   Data          24  rt_list.o(.bss)
    __initial_sp                             0x100009e8   Data           0  startup_lpc17xx.o(STACK)



==============================================================================

Memory Map of the image

  Image Entry point : 0x000000cd

  Load Region LR_IROM1 (Base: 0x00000000, Size: 0x00000ac0, Max: 0x00080000, ABSOLUTE)

    Execution Region ER_IROM1 (Base: 0x00000000, Size: 0x00000a94, Max: 0x00080000, ABSOLUTE)

    Base Addr    Size         Type   Attr      Idx    E Section Name        Object

    0x00000000   0x000000cc   Data   RO           71    RESET               startup_lpc17xx.o
    0x000000cc   0x00000000   Code   RO          808  * .ARM.Collect$$$$00000000  mc_w.l(entry.o)
    0x000000cc   0x00000004   Code   RO          811    .ARM.Collect$$$$00000001  mc_w.l(entry2.o)
    0x000000d0   0x00000004   Code   RO          814    .ARM.Collect$$$$00000004  mc_w.l(entry5.o)
    0x000000d4   0x00000000   Code   RO          816    .ARM.Collect$$$$00000008  mc_w.l(entry7b.o)
    0x000000d4   0x00000000   Code   RO          818    .ARM.Collect$$$$0000000A  mc_w.l(entry8b.o)
    0x000000d4   0x00000008   Code   RO          819    .ARM.Collect$$$$0000000B  mc_w.l(entry9a.o)
    0x000000dc   0x00000000   Code   RO          821    .ARM.Collect$$$$0000000D  mc_w.l(entry10a.o)
    0x000000dc   0x00000000   Code   RO          823    .ARM.Collect$$$$0000000F  mc_w.l(entry11a.o)
    0x000000dc   0x00000004   Code   RO          812    .ARM.Collect$$$$00002712  mc_w.l(entry2.o)
    0x000000e0   0x00000154   Code   RO          611    .emb_text           RTX_CM3.LIB(hal_cm3.o)
    0x00000234   0x0000000a   Code   RO           46    .text               rtx_conf_cm.o
    0x0000023e   0x00000002   PAD
    0x00000240   0x0000001c   Code   RO           73    .text               startup_lpc17xx.o
    0x0000025c   0x00000060   Code   RO          159    .text               dc.o
    0x000002bc   0x00000024   Code   RO          825    .text               mc_w.l(init.o)
    0x000002e0   0x00000004   Code   RO          805    SVC_TABLE           RTX_CM3.LIB(SVC_Table.o)
    0x000002e4   0x0000000e   Code   RO          829    i.__scatterload_copy  mc_w.l(handlers.o)
    0x000002f2   0x00000002   Code   RO          830    i.__scatterload_null  mc_w.l(handlers.o)
    0x000002f4   0x00000002   Code   RO          394    i.os_tick_irqack    RTX_CM3.LIB(rt_system.o)
    0x000002f6   0x00000006   Code   RO          256    i.rt_dly_wait       RTX_CM3.LIB(rt_time.o)
    0x000002fc   0x00000004   Code   RO           72    .ARM.__at_0x02FC    startup_lpc17xx.o
    0x00000300   0x000000a8   Code   RO           81    .text               uart_1768.o
    0x000003a8   0x000000c8   Code   RO          119    .text               main.o
    0x00000470   0x00000080   Code   RO          179    .text               buzzer.o
    0x000004f0   0x0000005c   Code   RO          238    .text               timer.o
    0x0000054c   0x0000000e   Code   RO          831    i.__scatterload_zeroinit  mc_w.l(handlers.o)
    0x0000055a   0x00000010   Code   RO          614    i.dbg_task_switch   RTX_CM3.LIB(hal_cm3.o)
    0x0000056a   0x0000001a   Code   RO          579    i.rt_alloc_box      RTX_CM3.LIB(rt_membox.o)
    0x00000584   0x00000038   Code   RO          300    i.rt_block          RTX_CM3.LIB(rt_task.o)
    0x000005bc   0x00000048   Code   RO          556    i.rt_chk_robin      RTX_CM3.LIB(rt_robin.o)
    0x00000604   0x00000074   Code   RO          477    i.rt_dec_dly        RTX_CM3.LIB(rt_list.o)
    0x00000678   0x0000004c   Code   RO          655    i.rt_evt_psh        RTX_CM3.LIB(rt_event.o)
    0x000006c4   0x00000020   Code   RO          580    i.rt_free_box       RTX_CM3.LIB(rt_membox.o)
    0x000006e4   0x00000028   Code   RO          478    i.rt_get_first      RTX_CM3.LIB(rt_list.o)
    0x0000070c   0x00000018   Code   RO          257    i.rt_itv_set        RTX_CM3.LIB(rt_time.o)
    0x00000724   0x0000002c   Code   RO          258    i.rt_itv_wait       RTX_CM3.LIB(rt_time.o)
    0x00000750   0x000000c0   Code   RO          698    i.rt_mbx_psh        RTX_CM3.LIB(rt_mailbox.o)
    0x00000810   0x0000007c   Code   RO          395    i.rt_pop_req        RTX_CM3.LIB(rt_system.o)
    0x0000088c   0x00000048   Code   RO          481    i.rt_put_dly        RTX_CM3.LIB(rt_list.o)
    0x000008d4   0x00000036   Code   RO          482    i.rt_put_prio       RTX_CM3.LIB(rt_list.o)
    0x0000090a   0x00000002   PAD
    0x0000090c   0x00000014   Code   RO          483    i.rt_put_rdy_first  RTX_CM3.LIB(rt_list.o)
    0x00000920   0x00000028   Code   RO          485    i.rt_rmv_dly        RTX_CM3.LIB(rt_list.o)
    0x00000948   0x00000034   Code   RO          744    i.rt_sem_psh        RTX_CM3.LIB(rt_semaphore.o)
    0x0000097c   0x00000024   Code   RO          398    i.rt_stk_check      RTX_CM3.LIB(rt_system.o)
    0x000009a0   0x00000028   Code   RO          303    i.rt_switch_req     RTX_CM3.LIB(rt_task.o)
    0x000009c8   0x00000040   Code   RO          400    i.rt_systick        RTX_CM3.LIB(rt_system.o)
    0x00000a08   0x00000040   Code   RO          780    i.rt_tmr_tick       RTX_CM3.LIB(rt_timer.o)
    0x00000a48   0x00000028   Data   RO           48    .constdata          rtx_conf_cm.o
    0x00000a70   0x00000004   Data   RO          403    .constdata          RTX_CM3.LIB(rt_system.o)
    0x00000a74   0x00000020   Data   RO          827    Region$$Table       anon$$obj.o


    Execution Region RW_IRAM1 (Base: 0x10000000, Size: 0x000009e8, Max: 0x00008000, ABSOLUTE)

    Base Addr    Size         Type   Attr      Idx    E Section Name        Object

    0x10000000   0x00000004   Data   RW           49    .data               rtx_conf_cm.o
    0x10000004   0x00000008   Data   RW          121    .data               main.o
    0x1000000c   0x00000004   Data   RW          260    .data               RTX_CM3.LIB(rt_time.o)
    0x10000010   0x00000008   Data   RW          311    .data               RTX_CM3.LIB(rt_task.o)
    0x10000018   0x00000008   Data   RW          558    .data               RTX_CM3.LIB(rt_robin.o)
    0x10000020   0x00000001   Data   RW          616    .data               RTX_CM3.LIB(hal_cm3.o)
    0x10000021   0x00000003   PAD
    0x10000024   0x00000008   Data   RW          781    .data               RTX_CM3.LIB(rt_timer.o)
    0x1000002c   0x00000004   PAD
    0x10000030   0x00000784   Zero   RW           47    .bss                rtx_conf_cm.o
    0x100007b4   0x00000030   Zero   RW          487    .bss                RTX_CM3.LIB(rt_list.o)
    0x100007e4   0x00000004   PAD
    0x100007e8   0x00000200   Zero   RW           69    STACK               startup_lpc17xx.o


==============================================================================

Image component sizes


      Code (inc. data)   RO Data    RW Data    ZI Data      Debug   Object Name

       128         18          0          0          0        699   buzzer.o
        96         14          0          0          0        612   dc.o
       200         70          0          8          0      25049   main.o
        10          0         40          4       1924       8996   rtx_conf_cm.o
        32          8        204          0        512        868   startup_lpc17xx.o
         0          0          0          0          0       4244   system_lpc17xx.o
        92         12          0          0          0        582   timer.o
       168         22          0          0          0      17635   uart_1768.o

    ----------------------------------------------------------------------
       728        144        276         12       2436      58685   Object Totals
         0          0         32          0          0          0   (incl. Generated)
         2          0          0          0          0          0   (incl. Padding)

    ----------------------------------------------------------------------

      Code (inc. data)   RO Data    RW Data    ZI Data      Debug   Library Member Name

         4          4          0          0          0        140   SVC_Table.o
       356         32          0          1          0       1224   hal_cm3.o
        76          4          0          0          0        509   rt_event.o
       342         20          0          0         48       2927   rt_list.o
       192          4          0          0          0        609   rt_mailbox.o
        58          0          0          0          0        909   rt_membox.o
        72         12          0          8          0        622   rt_robin.o
        52          6          0          0          0        453   rt_semaphore.o
       226         36          4          0          0       2376   rt_system.o
        96         18          0          8          0       1456   rt_task.o
        74         18          0          4          0       3047   rt_time.o
        64          8          0          8          0        583   rt_timer.o
         0          0          0          0          0          0   entry.o
         0          0          0          0          0          0   entry10a.o
         0          0          0          0          0          0   entry11a.o
         8          4          0          0          0          0   entry2.o
         4          0          0          0          0          0   entry5.o
         0          0          0          0          0          0   entry7b.o
         0          0          0          0          0          0   entry8b.o
         8          4          0          0          0          0   entry9a.o
        30          0          0          0          0          0   handlers.o
        36          8          0          0          0         68   init.o

    ----------------------------------------------------------------------
      1700        178          4         32         56      14923   Library Totals
         2          0          0          3          8          0   (incl. Padding)

    ----------------------------------------------------------------------

      Code (inc. data)   RO Data    RW Data    ZI Data      Debug   Library Name

      1612        162          4         29         48      14855   RTX_CM3.LIB
        86         16          0          0          0         68   mc_w.l

    ----------------------------------------------------------------------
      1700        178          4         32         56      14923   Library Totals

    ----------------------------------------------------------------------

==============================================================================


      Code (inc. data)   RO Data    RW Data    ZI Data      Debug   

      2428        322        280         44       2492      71996   Grand Totals
      2428        322        280         44       2492      71996   ELF Image Totals
      2428        322        280         44          0          0   ROM Totals

==============================================================================

    Total RO  Size (Code + RO Data)                 2708 (   2.64kB)
    Total RW  Size (RW Data + ZI Data)              2536 (   2.48kB)
    Total ROM Size (Code + RO Data + RW Data)       2752 (   2.69kB)

==============================================================================

